---
source: tests/snapshot_tests/components/word_grid_test.rs
expression: backend
---
"┌──────────────────────────────────────────────────────────────────────────────┐"
"│01. abandon         02. ····            03. ····            04. ····          │"
"│05. ····            06. wrong           07. ····            08. ····          │"
"│09. ····            10. ····            11. ····            12. ····          │"
"│13. ____            14. ····            15. ····            16. ····          │"
"│17. ····            18. ····            19. ····            20. ____          │"
"│21. ····            22. ····            23. ····            24. ····          │"
"│                                                                              │"
"│                                                                              │"
"└──────────────────────────────────────────────────────────────────────────────┘"
