---
source: tests/snapshot_tests/screens/import_export_test.rs
expression: backend
---
"                                                                                "
"                                                                                "
"                                                                                "
"                                                                                "
"                                                                                "
"                                                                                "
"                                Authorize Export                                "
"                                                                                "
"               Export All records to: /Users/bytedance/Documents/               "
"                                                                                "
"               ┌ Master Password ───────────────────────────────┐               "
"               │••••••••••                                      │               "
"               └────────────────────────────────────────────────┘               "
"                                                                                "
"                                                                                "
"                            Enter: export | Esc: back                           "
"                                                                                "
"                                                                                "
"                                                                                "
"                                                                                "
"                                                                                "
"                                                                                "
"                                                                                "
"                                                                                "
