---
source: tests/snapshot_tests/screens/main_composition_test.rs
expression: backend
---
"                      ┌──────────────────────── Help ────────────────────────┐                      "
"    All              │ Navigation                │  Multiselect             │unt                   "
"                      │  ↑/k       Move up        │   Space                  │                      "
"    Favorites        │Select/Deselect                                       │                      "
"    Expired          │  ↓/j       Move down      │   j/k       Move up/down │                      "
"                      │  ←/→       Switch panel   │   a         Select       │──────                "
"                      │all/Deselect                                          │                      "
"                      │  1-5       Quick category │   d         Batch delete │                      "
"                      │  Enter     Confirm        │   t         Batch tag    │                      "
"                      │  Esc       Back/Close     │   Esc/v     Exit         │                      "
"                      │multiselect                                           │                      "
"                      │                           │                          │                      "
"                      │ Actions                   │  Tag Management          │                      "
"                      │  Ctrl+K    Search         │   m         Add tag      │                      "
"                      │  n         New            │   r         Rename tag   │                      "
"                      │  e         Edit           │   d         Delete tag   │rsonal]               "
"                      │  d         Delete         │   s         Cycle sort   │                      "
"                      │  f         Favorite       │                          │                      "
"                      │  s/S       Sort dir/field │  Sync                    │                      "
"                      │  v         Multiselect mode│   Ctrl+R    Manual sync │                      "
"                      │  p/Ctrl+G  Password generator│                       │                      "
"                      │  g         Settings       │                          │                      "
"──────────────────────│  l         Audit log      │                          │──────────────────────"
"  Ctrl+K Search  Ctrl+└──────────────────────────────────────────────────────┘3 │ — Not configured  "
