---
source: tests/snapshot_tests/screens/audit_log_test.rs
expression: backend
---
" Audit Log                                               3 records              "
"┌ Alle ──────┐┌ All Time───┐┌ Enter keywords...────────────────────────────────┐"
"│            ││            ││                                                  │"
"└────────────┘└────────────┘└──────────────────────────────────────────────────┘"
" 05-20 17:00 [Unlocked] (no record name)                                        "
" 05-20 17:05 [Added ] Gmail Login - Created credential for Gmail                "
" 05-20 17:10 [Viewed Password] Gmail Login                                      "
"                                                                                "
"                                                                                "
"                                                                                "
"                                                                                "
"                                                                                "
"                                                                                "
"                                                                                "
"                                                                                "
"                                                                                "
"                                                                                "
"                                                                                "
"                                                                                "
"                                                                                "
"                                                                                "
"                                                                                "
"                                                                                "
" ↑↓/j/k Select  │  Tab Switch Area  │  Enter View Record  │  Esc Back           "
