---
source: tests/snapshot_tests/screens/onboarding_test.rs
expression: backend
---
"                                                                                "
"                                                                                "
"                                                                                "
"                                                                                "
"                                                                                "
"                                                                                "
"                                                                                "
"                                                                                "
"                               Set Master Password                              "
"                                                                                "
"                                                                                "
"               You will be redirected to set your master password.              "
"                                                                                "
"                      Enter to continue  |  Esc to go back                      "
"                                    Step 4/4                                    "
"                                                                                "
"                                                                                "
"                                                                                "
"                                                                                "
"                                                                                "
"                                                                                "
"                                                                                "
"                                                                                "
"                                                                                "
