---
source: tests/snapshot_tests/screens/main_composition_test.rs
expression: backend
---
"All (2)               ┌──────────────────────── Help ────────────────────────┐                      "
"☆ Favorites (1)       │ Navigation                │  Multiselect             │                      "
"Expired               │  ↑/k       Move up        │   Space                  │                      "
"                      │Select/Deselect                                       │                      "
"                      │  ↓/j       Move down      │   j/k       Move up/down │───                   "
"                      │  Tab       Switch panel   │   a         Select       │                      "
"                      │all/Deselect                                          │                      "
"                      │  Enter     Confirm        │   d         Batch delete │                      "
"                      │  Esc       Back/Close     │   t         Batch tag    │                      "
"                      │                           │   Esc/v     Exit         │                      "
"                      │multiselect                                           │                      "
"                      │ Actions                   │                          │                      "
"                      │  Ctrl+K    Search         │  Tag Management          │                      "
"                      │  n         New            │   m         Add tag      │                      "
"                      │  e         Edit           │   r         Rename tag   │                      "
"                      │  d         Delete         │   d         Delete tag   │                      "
"                      │  f         Favorite       │   s         Save         │                      "
"                      │  s         Sort           │                          │                      "
"                      │  v         Multiselect mode│  Sync                   │                      "
"                      │  g         Settings       │   Ctrl+R    Manual sync  │                      "
"                      │  l         Audit log      │                          │                      "
"                      │  q         Quit           │                          │                      "
"──────────────────────│                           │                          │──────────────────────"
"  ⌘K Search  N New  E └──────────────────────────────────────────────────────┘                      "
