---
source: tests/snapshot_tests/screens/list_test.rs
expression: terminal.backend()
---
"  Sort: [ Created ▼ ]  [ ↓ Descending ]                                                   "
"                                                                                          "
"   GitHub                                                                   2024-06-15◀   "
"──────────────────────────────────────────────────────────────────────────────────────────"
"   GitLab                                                                       2024-06-15"
"──────────────────────────────────────────────────────────────────────────────────────────"
"                                                                                          "
"                                                                                          "
"                                                                                          "
"                                                                                          "
"                                                                                          "
"                                                                                          "
