---
source: tests/snapshot_tests/screens/password_generator_test.rs
expression: backend
---
" Password Generator                                Password copied to clipboard!"
"  Style [ Random ]  [ Memorable ]  [ PIN ]                                      "
"──────────────────────────────────────────────────────────────────────────────  "
"                                                                                "
"  Length [ 16 ]  [-] █░░░░░░░░░░░ [+]                                           "
"                                                                                "
"  [✓] Uppercase  [✓] Lowercase  [✓] Digits  [✓] Symbols                         "
"                                                                                "
"──────────────────────────────────────────────────────────────────────────────  "
"                                                                                "
"  j8#K9mP2!qR5$tW1                                                              "
"  Strength: ████████████░░░░ Strong                                             "
"                                                                                "
"──────────────────────────────────────────────────────────────────────────────  "
"                                                                                "
"      [ Regenerate ]          [ Copied to clipboard ]                           "
"                                                                                "
"                                                                                "
"                                                                                "
"                                                                                "
"                                                                                "
"                                                                                "
"                                                                                "
" ←→ Adjust  │  Tab Switch Focus  │  r Regenerate  │  Enter Copy  │  p Generator "
