---
source: tests/snapshot_tests/screens/list_test.rs
expression: terminal.backend()
---
"  Sort: [ Created ▼ ]  [ ↓ Descending ]                     "
"                                                            "
"  GitHub                                   2024-06-15◀      "
"  user@github.com                                           "
"────────────────────────────────────────────────────────────"
"  GitLab                                        2024-06-15  "
"  dev@gitlab.com                                            "
"────────────────────────────────────────────────────────────"
"  Bitbucket                                     2024-06-15  "
"  team@bitbucket.org                                        "
"────────────────────────────────────────────────────────────"
"                                                            "
"                                                            "
"                                                            "
"                                                            "
