---
source: tests/snapshot_tests/screens/database_recovery_test.rs
expression: backend
---
"                                                                                "
"                                                                                "
"                                                                                "
"                                                                                "
"                                 🔐 OpenKeyring                                 " Hidden by multi-width symbols: [(34, " ")]
"                          ─────────────────────────────                         "
"                             Recover Vault Database                             "
"                                                                                "
"          Select an encrypted database source. The current key will de          "
"                                                                                "
"          ┌──────────────────────────────────────────────────────────┐          "
"          └──────────────────────────────────────────────────────────┘          "
"                                                                                "
"          ┌──────────────────────────────────────────────────────────┐          "
"          │Restore from .okb Backup                                  │          "
"          └──────────────────────────────────────────────────────────┘          "
"                                                                                "
"                ↑↓/Tab: navigate  |  Enter: select  |  Esc: back                "
"                                    Step 1/1                                    "
"                                                                                "
"                                                                                "
"                                                                                "
"                                                                                "
"                                                                                "
