---
source: tests/snapshot_tests/screens/help_test.rs
expression: terminal.backend()
---
"                                                                                          "
"                       ┌────────────────── Help ──────────────────┐                       "
"                       │ Navigation                               │                       "
"                       │  ↑/k       Move up                       │                       "
"                       │  ↓/j       Move down                     │                       "
"                       │  ←/→       Switch panel                  │                       "
"                       │  1-5       Quick category                │                       "
"                       │  Enter     Confirm                       │                       "
"                       │  Esc       Back/Close                    │                       "
"                       │                                          │                       "
"                       │ Actions                                  │                       "
"                       │  Ctrl+K    Search                        │                       "
"                       │  n         New                           │                       "
"                       │  e         Edit                          │                       "
"                       │  d         Delete                        │                       "
"                       │  f         Favorite                      │                       "
"                       │  s/S       Sort dir/field                │                       "
"                       │  v         Multiselect mode              │                       "
"                       │  p/Ctrl+G  Password generator            │                       "
"                       │  g         Settings                      │                       "
"                       │  l         Audit log                     │                       "
"                       │  q         Quit                          │                       "
"                       │                                          │                       "
"                       │ Password Details                         │                       "
"                       │  c         Copy password                 │                       "
"                       │  u         Copy username                 │                       "
"                       │  p         Show/Hide password            │                       "
"                       │  H         Password history              │                       "
"                       └──────────────────────────────────────────┘                       "
"                                                                                          "
