---
source: tests/snapshot_tests/screens/main_composition_test.rs
expression: backend
---
"                                        │  Sort: [ Created│  GitHub Account                         "
"  All (2)                            ◄     GitHub Account    octocat                                "
"                                           octocat         ★                                        "
"  Favorites (1)                                                                                     "
"  Expired (0)                              Personal Email    ────────────────────                   "
"                                           alice@example.c                                          "
"                                                             Login                                  "
"                                                                                                    "
"                                                             Username:                              "
"                      ┌ Password History — GitHub Account ───────────────────┐                      "
"                      │ 2024-06-15 12:00  Initial password  [Copy]           │                      "
"                      │ 2024-06-15 12:00  Rotated after compromise alert     │                      "
"                      │[Copy]                                                │                      "
"                      │ 2 records (max 10 retained)                          │                      "
"                      └ ✕ ───────────────────────────────────────────────────┘                      "
"                                                                                                    "
"                                                                                                    "
"                                                                                                    "
"                                                                                                    "
"                                                                                                    "
"                                                                                                    "
"                                                                                                    "
"────────────────────────────────────────────────────────────────────────────────────────────────────"
"  c CopyPwd  u CopyUser  p Show/Hide  e Edit  d Delete  F1 Help │ v0.7.3 │ — Not configured         "
