---
source: tests/snapshot_tests/screens/detail_test.rs
expression: terminal.backend()
---
"┌──────────────────────────────────────────────────────────┐"
"│                                                          │"
"│    腾讯云 API                                           │" Hidden by multi-width symbols: [(7, " "), (9, " "), (11, " ")]
"│                                                          │"
"│                                                          │"
"│  ─────────────────────────────────────────────────────   │"
"│                                                          │"
"│    API Credential                                       │"
"│                                                          │"
"│  ┌────────────────┬──────────────────┬────────────────┐  │"
"│  │   AppID       │ app_1234567890   │          Copy │  │"
"│  ├────────────────┼──────────────────┼────────────────┤  │"
"│  │   SecretKey   │ ••••••••         │  Show   Copy │  │"
"│  ├────────────────┼──────────────────┼────────────────┤  │"
"│  │   URL         │                  │                │  │"
"│  └────────────────┴──────────────────┴────────────────┘  │"
"│                                                          │"
"│  ┌────────────────┬────────────────────────────────────  │"
"│                                                          │"
"└──────────────────────────────────────────────────────────┘"
