---
source: tests/snapshot_tests/screens/create_record_test.rs
expression: backend
---
"┌──────────────────────────────────────────────────────────────────────────────┐"
"│  Create Password                                                 Esc Cancel  │"
"│──────────────────────────────────────────────────────────────────────────────│"
"│       ┌──────────────────────────────────────────────────────────────┐       │"
"│  Type │  Password Generator                                Esc Cancel│       │"
"│       │──────────────────────────────────────────────────────────────│       │"
"│  Name │                                                              │uired  │"
"│       │  Length [ 16 ]  [-] ██████░░░░░░░░░░░░░░ [+]                 │       │"
"│  URL  │                                                              │ional  │"
"│       │  [✓] Uppercase  [✓] Lowercase  [✓] Digits  [✓] Symbols       │       │"
"│  Usern│────────────────────────────────────────────────────────────  │uired  │"
"│       │  ┌────────────────────────────────────────────────────────┐  │       │"
"│  Passw│  │ CorrectHorse42!                                        │  │py ]   │"
"│       │  └────────────────────────────────────────────────────────┘  │       │"
"│  Stren│                                                              │       │"
"│       │  Strength: ████████████░░░░ Strong                           │       │"
"│  Expir│────────────────────────────────────────────────────────────  │       │"
"│       │                                                              │       │"
"│  Tags │  [ Regenerate(r) ]        [ Use Password(y) ]                │       │"
"│       └──────────────────────────────────────────────────────────────┘       │"
"│  Notes       ← Optional                                                      │"
"│                                                                              │"
"│                                                                              │"
"└──────────────────────────────────────────────────────────────────────────────┘"
