---
source: tests/snapshot_tests/screens/main_composition_test.rs
expression: backend
---
"                                        │  Sort: [ Created│  GitHub Account                         "
"  All (2)                            ◄     GitHub Account    octocat                                "
"                      ┌──────────────────────────────────────────────────────┐                      "
"  Favorites (1)       │  Password Generator                       Esc Close  │                      "
"  Expired (0)         │──────────────────────────────────────────────────────│───                   "
"                      │                                                      │                      "
"                      │  Style [ Random ]  [ Memorable ]  [ PIN ]            │                      "
"                      │──────────────────────────────────────────────────────│                      "
"                      │                                                      │                      "
"                      │  Length [ 16 ]  [-] ██░░░░░░░░░░░░░░░░░░ [+]         │                      "
"                      │                                                      │                      "
"                      │  [✓] Uppercase  [✓] Lowercase  [✓] Digits  [✓]       │                      "
"                      │Symbols                                               │                      "
"                      │                                                      │                      "
"                      │──────────────────────────────────────────────────────│                      "
"                      │                                                      │                      "
"                      │  CorrectHorse42!                                     │                      "
"                      │  Strength: ████████████░░░░ Strong                   │                      "
"                      │                                                      │                      "
"                      │──────────────────────────────────────────────────────│                      "
"                      │                                                      │                      "
"                      │      [ Regenerate ]          [ Copy ]                │                      "
"──────────────────────│                                                      │──────────────────────"
"  Ctrl+K Search  N New└──────────────────────────────────────────────────────┘                      "
