---
source: tests/snapshot_tests/screens/edit_record_test.rs
expression: backend
---
"┌──────────────────────────────────────────────────────────────────────────────┐"
"│  Edit Password                                                   Esc Cancel  │"
"│──────────────────────────────────────────────────────────────────────────────│"
"│                                                                              │"
"│  Type       [ Login ▼ ]                                                      │"
"│                                                                              │"
"│  Name       [GitHub Account                                    ] ← Required  │"
"│                                                                              │"
"│  URL        [                                                  ] ← Optional  │"
"│                                                                              │"
"│  Username   [                                                  ] ← Required  │"
"│                                                                              │"
"│  Password   [                             ] [ Generate ] [ Show ] [ Copy ]   │"
"│                                                                              │"
"│  Strength:  (strength shown after password entry)                            │"
"│                                                                              │"
"│  Expiry     [ Never ▼ ]                                                      │"
"│                                                                              │"
"│  Tags       [fi                  ]  Enter Add  ←/→ Select  Del Delete        │"
"│               finance                                                        │"
"│               firewall                                                       │"
"│                                                                              │"
"│  Notes       ← Optional                                                      │"
"└───────────── ────────────────────────────────────────────────────────────────┘"
