---
source: tests/snapshot_tests/screens/audit_log_test.rs
expression: backend
---
" Audit Log                                               3 records              "
"┌ Adde ──────┐┌ All Time───┐┌ Enter keywords...────────────────────────────────┐"
"│            ││            ││                                                  │"
"└────────────┘└────────────┘└──────────────────────────────────────────────────┘"
" 05-20 09:05 [Added ] Gmail Login - Created credential for Gmail                "
"                                                                                "
"                                                                                "
"                                                                                "
"                                                                                "
"                                                                                "
"                                                                                "
"                                                                                "
"                                                                                "
"                                                                                "
"                                                                                "
"                                                                                "
"                                                                                "
"                                                                                "
"                                                                                "
"                                                                                "
"                                                                                "
"                                                                                "
"                                                                                "
" ↑↓/j/k Select  │  Tab Switch Area  │  Enter View Record  │  Esc Back           "
