---
source: tests/snapshot_tests/screens/help_test.rs
expression: terminal.backend()
---
"                                                                                                                                  "
"                                                                                                                                  "
"                                                                                                                                  "
"                                                                                                                                  "
"                                                                                                                                  "
"                                 ┌─────────────────────────── 快捷键 ───────────────────────────┐                                 " Hidden by multi-width symbols: [(63, " "), (65, " "), (67, " ")]
"                                 │ 导航                            │  多选模式(v)               │                                 " Hidden by multi-width symbols: [(36, " "), (38, " "), (71, " "), (73, " "), (75, " "), (77, " ")]
"                                 │  ↑/k       上移                 │   Space     选中/取消      │                                 " Hidden by multi-width symbols: [(47, " "), (49, " "), (82, " "), (84, " "), (87, " "), (89, " ")]
"                                 │  ↓/j       下移                 │   j/k       上下移动       │                                 " Hidden by multi-width symbols: [(47, " "), (49, " "), (82, " "), (84, " "), (86, " "), (88, " ")]
"                                 │  Tab       切换面板               │   a         全选/取消    │                                 " Hidden by multi-width symbols: [(47, " "), (49, " "), (51, " "), (53, " "), (84, " "), (86, " "), (89, " "), (91, " ")]
"                                 │  Enter     确认                 │   d         批量删除       │                                 " Hidden by multi-width symbols: [(47, " "), (49, " "), (82, " "), (84, " "), (86, " "), (88, " ")]
"                                 │  Esc       返回/关闭              │   t         批量打标签   │                                 " Hidden by multi-width symbols: [(47, " "), (49, " "), (52, " "), (54, " "), (84, " "), (86, " "), (88, " "), (90, " "), (92, " ")]
"                                 │                               │   Esc/v     退出多选         │                                 " Hidden by multi-width symbols: [(80, " "), (82, " "), (84, " "), (86, " ")]
"                                 │ 操作                            │                            │                                 " Hidden by multi-width symbols: [(36, " "), (38, " ")]
"                                 │  Ctrl+K    搜索                 │  标签管理(m)               │                                 " Hidden by multi-width symbols: [(47, " "), (49, " "), (71, " "), (73, " "), (75, " "), (77, " ")]
"                                 │  n         新建                 │   m         添加标签       │                                 " Hidden by multi-width symbols: [(47, " "), (49, " "), (82, " "), (84, " "), (86, " "), (88, " ")]
"                                 │  e         编辑                 │   r         重命名标签     │                                 " Hidden by multi-width symbols: [(47, " "), (49, " "), (82, " "), (84, " "), (86, " "), (88, " "), (90, " ")]
"                                 │  d         删除                 │   d         删除标签       │                                 " Hidden by multi-width symbols: [(47, " "), (49, " "), (82, " "), (84, " "), (86, " "), (88, " ")]
"                                 │  f         收藏                 │   s         保存           │                                 " Hidden by multi-width symbols: [(47, " "), (49, " "), (82, " "), (84, " ")]
"                                 │  s         排序                 │                            │                                 " Hidden by multi-width symbols: [(47, " "), (49, " ")]
"                                 │  v         多选模式               │  同步                    │                                 " Hidden by multi-width symbols: [(47, " "), (49, " "), (51, " "), (53, " "), (73, " "), (75, " ")]
"                                 │  g         配置页                │   Ctrl+R    手动同步      │                                 " Hidden by multi-width symbols: [(47, " "), (49, " "), (51, " "), (83, " "), (85, " "), (87, " "), (89, " ")]
"                                 │  l         审计日志               │                          │                                 " Hidden by multi-width symbols: [(47, " "), (49, " "), (51, " "), (53, " ")]
"                                 │  q         退出                 │                            │                                 " Hidden by multi-width symbols: [(47, " "), (49, " ")]
"                                 │                               │                              │                                 "
"                                 │ 密码详情                          │                          │                                 " Hidden by multi-width symbols: [(36, " "), (38, " "), (40, " "), (42, " ")]
"                                 │  c         复制密码               │                          │                                 " Hidden by multi-width symbols: [(47, " "), (49, " "), (51, " "), (53, " ")]
"                                 │  u         复制用户名              │                         │                                 " Hidden by multi-width symbols: [(47, " "), (49, " "), (51, " "), (53, " "), (55, " ")]
"                                 │  p         显示/隐藏密码            │                        │                                 " Hidden by multi-width symbols: [(47, " "), (49, " "), (52, " "), (54, " "), (56, " "), (58, " ")]
"                                 │  H         密码历史               │                          │                                 " Hidden by multi-width symbols: [(47, " "), (49, " "), (51, " "), (53, " ")]
"                                 │                               │                              │                                 "
"                                 │ 回收站                           │                           │                                 " Hidden by multi-width symbols: [(36, " "), (38, " "), (40, " ")]
"                                 │  r         恢复记录               │                          │                                 " Hidden by multi-width symbols: [(47, " "), (49, " "), (51, " "), (53, " ")]
"                                 │  D         永久删除               │                          │                                 " Hidden by multi-width symbols: [(47, " "), (49, " "), (51, " "), (53, " ")]
"                                 └──────────────────────────────────────────────────────────────┘                                 "
"                                                                                                                                  "
"                                                                                                                                  "
"                                                                                                                                  "
"                                                                                                                                  "
"                                                                                                                                  "
