---
source: tests/snapshot_tests/screens/detail_test.rs
expression: terminal.backend()
---
"  Reused                                                    "
"  reused.com                                                "
"                                                            "
"  ──────────────────────────────                            "
"                                                            "
"  Login                                                     "
"                                                            "
"  用户名:                                                   " Hidden by multi-width symbols: [(3, " "), (5, " "), (7, " ")]
"    user                                                    "
"                                                            "
"  密码:                                                     " Hidden by multi-width symbols: [(3, " "), (5, " ")]
"    ••••••••                                                "
"                                                            "
"  ⚠ This password is used by 3 other entries                "
"                                                            "
"                                                            "
"                                                            "
"                                                            "
"                                                            "
"                                                            "
