---
source: tests/snapshot_tests/screens/main_composition_test.rs
expression: backend
---
"                                        │                       │                                   "
"  🔐 OpenKeyring                        │  Sort: [ Created ▼ ]  │  GitHub Account                   " Hidden by multi-width symbols: [(3, " ")]
"────────────────────────────────────────│                       │  octocat                          "
"  [1] All                          2  │  GitHub Account   ◀   │★                                  "
"────────────────────────────────────────│  octocat              │                                   "
"  [2] Favorites                    1  │───────────────────────│  ─────────────────                "
"────────────────────────────────────────│  Personal Email       │                                   "
"  [3] Expired                      0  │  alice@example.com    │  Login                            "
"────────────────────────────────────────│───────────────────────│                                   "
"  [4] Health Issues                0  │                       │  Username:                        "
"────────────────────────────────────────│                       │    octocat                        "
"  [5] Trash                        0  │                       │                                   "
"────────────────────────────────────────│                       │  Password:                        "
"  ▾ # Tags (Manage Mode) Sort: Frequency│                       │    ••••••••                       "
"────────────────────────────────────────│                       │                                   "
"  work-critical█                        │                       │  [work]  [personal]               "
"  work                             ✎    │                       │                                   "
"                                        │                       │                                   "
"────────────────────────────────────────│                       │                                   "
"  Generator                             │                       │                                   "
"────────────────────────────────────────│                       │                                   "
"  Settings                              │                       │                                   "
"────────────────────────────────────────────────────────────────────────────────────────────────────"
"  Ctrl+K Search  Ctrl+G Gen  Ctrl+P Cfg  Q Quit                          v0.7.3 │ — Not configured  "
