---
source: tests/snapshot_tests/screens/edit_record_test.rs
expression: backend
---
"┌──────────────────────────────────────────────────────────────────────────────┐"
"│  Edit Password                                                   Esc Cancel  │"
"│──────────────────────────────────────────────────────────────────────────────│"
"│                                                                              │"
"│  Type [ SSH Key ▼ ]                                                          │"
"│                                                                              │"
"│  Name       [GitHub Deployment Key                             ] ← Required  │"
"│                                                                              │"
"│  Hostname   [                                                  ] ← Optional  │"
"│                                                                              │"
"│  Public Key [ssh-rsa AAAAB3NzaC1yc2EAAAADAQABAAABgQC...] [ Paste ] [ Copy ]  │"
"│                                                                              │"
"│  Private Key[••••••••••••••••••••••••••••••••] [ Show ] [ Paste ] [ Copy ]   │"
"│        Optional                                                              │"
"│                                                                              │"
"│  Passphrase [•••••••••••••                   ] [ Show ] [ Paste ] [ Copy ]   │"
"│        Optional                                                              │"
"│                                                                              │"
"│  Expiry [ Never ▼ ]                                                          │"
"│                                                                              │"
"│  Tags [                    ]                                                 │"
"│                                                                              │"
"│  Notes      [                                                  ] ← Optional  │"
"└──────────────────────────────────────────────────────────────────────────────┘"
