---
source: tests/snapshot_tests/screens/main_composition_test.rs
expression: backend
---
"                                        │                       │                                   "
"  [1] All                          2  │  Sort: [ Created ▼ ]  │  GitHub Account                   "
"                      ┌──────────────────────────────────────────────────────┐                      "
"  [2] Favorites       │  Password Generator                       Esc Close  │                      "
"  [3] Expired         │──────────────────────────────────────────────────────│                      "
"                      │                                                      │──────                "
"                      │  Style [ Random ]  [ Memorable ]  [ PIN ]            │                      "
"                      │──────────────────────────────────────────────────────│                      "
"                      │                                                      │                      "
"                      │  Length [ 16 ]  [-] ██░░░░░░░░░░░░░░░░░░ [+]         │                      "
"                      │                                                      │                      "
"                      │  [✓] Uppercase  [✓] Lowercase  [✓] Digits  [✓]       │                      "
"                      │Symbols                                               │                      "
"                      │──────────────────────────────────────────────────────│                      "
"                      │  ┌──────────────────────────────────────────────────┐│                      "
"                      │  │ CorrectHorse42! │                                 │rsonal]               "
"                      │  └──────────────────────────────────────────────────┘│                      "
"                      │                                                      │                      "
"                      │  Strength: ████████████░░░░ Strong                   │                      "
"                      │──────────────────────────────────────────────────────│                      "
"                      │                                                      │                      "
"                      │  [ Regenerate(r) ]        [ Copy(c) ]                │                      "
"──────────────────────│                                                      │──────────────────────"
"  Ctrl+K Search  Ctrl+└──────────────────────────────────────────────────────┘3 │ — Not configured  "
