---
source: tests/snapshot_tests/screens/password_generator_test.rs
expression: backend
---
" Password Generator                                                             "
"  Style [ Random ]  [ Memorable ]  [ PIN ]                                      "
"──────────────────────────────────────────────────────────────────────────────  "
"                                                                                "
"  Length [ 16 ]  [-] ██████░░░░░░░░░░░░░░ [+]                                   "
"                                                                                "
"  [ ] Uppercase  [✓] Lowercase  [✓] Digits  [✓] Symbols                         "
"──────────────────────────────────────────────────────────────────────────────  "
"  ┌──────────────────────────────────────────────────────────────────────────┐  "
"  │ k9m2q5t1v8x3z7w6                                                         │  "
"  └──────────────────────────────────────────────────────────────────────────┘  "
"                                                                                "
"  Strength: ██████░░░░░░░░░░ Weak                                               "
"──────────────────────────────────────────────────────────────────────────────  "
"                                                                                "
"  [ Regenerate(r) ]        [ Copy(c) ]                                          "
"                                                                                "
"                                                                                "
"                                                                                "
"                                                                                "
"                                                                                "
"                                                                                "
"                                                                                "
" ↑↓ Switch Focus  │  ←→ Adjust  │  r Regenerate  │  c Copy  │  +/- Generator  │ "
