---
source: tests/snapshot_tests/screens/help_test.rs
expression: terminal.backend()
---
"                                                                                                                                  "
"                                                                                                                                  "
"                                                                                                                                  "
"                                 ┌──────────────────────────── Help ────────────────────────────┐                                 "
"                                 │ Navigation                    │  Multiselect                 │                                 "
"                                 │  ↑/k       Move up            │   Space     Select/Deselect  │                                 "
"                                 │  ↓/j       Move down          │   j/k       Move up/down     │                                 "
"                                 │  ←/→       Switch panel       │   a         Select           │                                 "
"                                 │all/Deselect                                                  │                                 "
"                                 │  1-5       Quick category     │   d         Batch delete     │                                 "
"                                 │  Enter     Confirm            │   t         Batch tag        │                                 "
"                                 │  Esc       Back/Close         │   Esc/v     Exit multiselect │                                 "
"                                 │                               │                              │                                 "
"                                 │ Actions                       │  Tag Management              │                                 "
"                                 │  Ctrl+K    Search             │   m         Add tag          │                                 "
"                                 │  n         New                │   r         Rename tag       │                                 "
"                                 │  e         Edit               │   d         Delete tag       │                                 "
"                                 │  d         Delete             │   s         Cycle sort       │                                 "
"                                 │  f         Favorite           │                              │                                 "
"                                 │  s/S       Sort dir/field     │  Sync                        │                                 "
"                                 │  v         Multiselect mode   │   Ctrl+R    Manual sync      │                                 "
"                                 │  p/Ctrl+G  Password generator │                              │                                 "
"                                 │  g         Settings           │                              │                                 "
"                                 │  l         Audit log          │                              │                                 "
"                                 │  q         Quit               │                              │                                 "
"                                 │                               │                              │                                 "
"                                 │ Password Details              │                              │                                 "
"                                 │  c         Copy password      │                              │                                 "
"                                 │  u         Copy username      │                              │                                 "
"                                 │  p         Show/Hide password │                              │                                 "
"                                 │  H         Password history   │                              │                                 "
"                                 │                               │                              │                                 "
"                                 │ Trash                         │                              │                                 "
"                                 │  r         Restore record     │                              │                                 "
"                                 │  D         Permanent delete   │                              │                                 "
"                                 │  a         Empty trash        │                              │                                 "
"                                 └──────────────────────────────────────────────────────────────┘                                 "
"                                                                                                                                  "
"                                                                                                                                  "
"                                                                                                                                  "
