---
source: tests/snapshot_tests/screens/detail_test.rs
expression: terminal.backend()
---
"┌──────────────────────────────────────────────────────────┐"
"│                                                          │"
"│    Server SSH Key                                       │"
"│                                                          │"
"│                                                          │"
"│  ─────────────────────────────────────────────────────   │"
"│                                                          │"
"│    SSH Key                                              │"
"│                                                          │"
"│  ┌────────────────┬────────────────────┬──────────────┐  │"
"│  │   公钥        │ ssh-rsa AAAA...    │        [  ] │  │" Hidden by multi-width symbols: [(9, " "), (11, " ")]
"│  ├────────────────┼────────────────────┼──────────────┤  │"
"│  │   私钥        │ ••••••••           │ [  ]  [  ] │  │" Hidden by multi-width symbols: [(9, " "), (11, " ")]
"│  ├────────────────┼────────────────────┼──────────────┤  │"
"│  │   Passphrase  │ ••••••••           │ [  ]  [  ] │  │"
"│  └────────────────┴────────────────────┴──────────────┘  │"
"│                                                          │"
"│  ┌────────────────┬────────────────────┬──────────────┐  │"
"│  │   Tags        │ [ servers ]        │              │  │"
"│  ├────────────────┼────────────────────┼──────────────┤  │"
"│  │   Updated     │ 2026-04-15 12:00   │              │  │"
"│  └────────────────┴────────────────────┴──────────────┘  │"
"│                                                          │"
"│                                                          │"
"└──────────────────────────────────────────────────────────┘"
