---
source: tests/snapshot_tests/screens/create_record_test.rs
expression: backend
---
"┌──────────────────────────────────────────────────────────────────────────────┐"
"│  Create Password                                                 Esc Cancel  │"
"│──────────────────────────────────────────────────────────────────────────────│"
"│                                                                              │"
"│  Type       [ Login ▼ ]                                                      │"
"│                                                                              │"
"│  Name       [My Personal Webmail                               ] ← Required  │"
"│                                                                              │"
"│  URL        [https://mail.example.com                          ] ← Optional  │"
"│                                                                              │"
"│  Username   [alice_smith                                       ] ← Required  │"
"│                                                                              │"
"│  Password   [•••••••••••••••••••          ] [ Generate ] [ Show ] [ Copy ]   │"
"│                                                                              │"
"│  Strength:  (strength shown after password entry)                            │"
"│                                                                              │"
"│  Expiry     [ Never ▼ ]                                                      │"
"│                                                                              │"
"│  Tags       [                    ]  Enter Add  ←/→ Select  Del Delete        │"
"│             [ work ×] [ personal ×]                                          │"
"│                                                                              │"
"│  Notes      [Do not share this login info with anyone.         ] ← Optional  │"
"│                                                                              │"
"└──────────────────────────────────────────────────────────────────────────────┘"
