---
source: tests/snapshot_tests/screens/import_export_test.rs
expression: backend
---
"                                                                                "
"                                                                                "
"                                                                                "
"                                                                                "
"                                                                                "
"                                                                                "
"                                                                                "
"   ┌────────────────────────────────────────────────────────────────────────┐   "
"   │                             Export Complete                           │   "
"   │                                                                        │   "
"   │   Saved to: /path/to/keyring-backup.okb                               │   "
"   │                                                                        │   "
"   │   Records exported: 42                                                │   "
"   │                                                                        │   "
"   │                          Enter: back to config                         │   "
"   │                                                                        │   "
"   └────────────────────────────────────────────────────────────────────────┘   "
"                                                                                "
"                                                                                "
"                                                                                "
"                                                                                "
"                                                                                "
"                                                                                "
"                                                                                "
