---
source: tests/snapshot_tests/screens/key_recovery_test.rs
expression: backend
---
"                                                                                "
"                                                                                "
"                                                                                "
"                                                                                "
"                                 🔐 OpenKeyring                                 " Hidden by multi-width symbols: [(34, " ")]
"                          ─────────────────────────────                         "
"                                Recover Vault Key                               "
"                                                                                "
"          Enter your recovery words to rebuild wrapped_secret_key.json          "
"                                                                                "
"          ┌──────────────────────────────────────────────────────────┐          "
"          │ 1. ____        2. ____        3. ____       4. ____      │          "
"          │ 5. ____        6. ____        7. ____       8. ____      │          "
"          │ 9. ____       10. ____       11. ____      12. ____      │          "
"          │13. ____       14. ____       15. ____      16. ____      │          "
"          └──────────────────────────────────────────────────────────┘          "
"                                                                                "
"                         ⟳ Validating recovery words...                         "
"                                 Please wait...                                 "
"                                    Step 1/2                                    "
"                                                                                "
"                                                                                "
"                                                                                "
"                                                                                "
