---
source: tests/snapshot_tests/screens/set_password_test.rs
expression: backend
---
"                     Set Master Password                    "
"                                                            "
"     ┌•••••Password ──────────────────────────────────┐     "
"     │                                                │     "
"     └────────────────────────────────────────────────┘     "
"     Strength: 极弱 ███░░░░░░░░░░░░░                        " Hidden by multi-width symbols: [(16, " "), (18, " ")]
"                                                            "
"     ┌Confirm passwordd ──────────────────────────────┐     "
"     │                                                │     "
"     └────────────────────────────────────────────────┘     "
"                                                            "
"     ✕ Password must be at least 8 characters               "
"                                                            "
"        Tab: switch field | Enter: submit | Esc: back       "
"                                                            "
"                                                            "
