---
source: tests/snapshot_tests/screens/create_record_test.rs
expression: backend
---
"┌──────────────────────────────────────────────────────────────────────────────┐"
"│  Create Password                                                 Esc Cancel  │"
"│──────────────────────────────────────────────────────────────────────────────│"
"│                                                                              │"
"│  Type       [ API Credential ▼ ]                                             │"
"│               Login                                                          │"
"│               API Credential                                                 │"
"│               SSH Key                                                        │"
"│               tui.form.type_secure_note                                      │"
"│                                                                              │"
"│  Name       [                                                  ] ← Required  │"
"│                                                                              │"
"│  URL        [                                                  ] ← Optional  │"
"│                                                                              │"
"│  Username   [                                                  ] ← Required  │"
"│                                                                              │"
"│  Password   [                             ] [ Generate ] [ Show ] [ Copy ]   │"
"│                                                                              │"
"│  Strength:  (strength shown after password entry)                            │"
"│                                                                              │"
"│  Expiry     [ Never ▼ ]                                                      │"
"│                                                                              │"
"│  Tags       [                    ]  Enter Add  ←/→ Select  Del Delete        │"
"└──────────────────────────────────────────────────────────────────────────────┘"
