---
source: tests/snapshot_tests/screens/list_test.rs
expression: terminal.backend()
---
"  Sort: [ Created ▼ ]  [ ↓ Descending ]                     "
"                                                            "
"  SharedPass ⚠Duplicate (3)                  2024-06-15◀    "
"  site.com                                                  "
"────────────────────────────────────────────────────────────"
"                                                            "
"                                                            "
"                                                            "
"                                                            "
"                                                            "
