---
source: tests/snapshot_tests/screens/edit_record_test.rs
expression: backend
---
"┌──────────────────────────────────────────────────────────────────────────────┐"
"│  Edit Password                                                   Esc Cancel  │"
"│──────────────────────────────────────────────────────────────────────────────│"
"│       ┌──────────────────────────────────────────────────────────────┐       │"
"│  Type │  Password Generator                                Esc Cancel│       │"
"│       │──────────────────────────────────────────────────────────────│       │"
"│  Name │                                                              │uired  │"
"│       │  Length [ 16 ]  [-] █░░░░░░░░░░░ [+]                         │       │"
"│  URL  │                                                              │ional  │"
"│       │  [✓] Uppercase  [✓] Lowercase  [✓] Digits  [✓] Symbols       │       │"
"│  Usern│                                                              │uired  │"
"│       │────────────────────────────────────────────────────────────  │       │"
"│  Passw│                                                              │py ]   │"
"│       │  CorrectHorse42!                                             │       │"
"│  Stren│  Strength: ████████████░░░░ Strong                           │       │"
"│       │                                                              │       │"
"│  Expir│────────────────────────────────────────────────────────────  │       │"
"│       │                                                              │       │"
"│  Tags │      [ Regenerate ]          [ Use Password ]                │       │"
"│       └──────────────────────────────────────────────────────────────┘       │"
"│  Notes      [                                                  ] ← Optional  │"
"│                                                                              │"
"│──────────────────────────────────────────────────────────────────────────────│"
"└──────────────────────────────────────────────────────────────────────────────┘"
