---
source: tests/snapshot_tests/screens/detail_test.rs
expression: terminal.backend()
---
"  Hacked Site                                               "
"  hacked.com                                                "
"                                                            "
"  ──────────────────────────────                            "
"                                                            "
"  登录信息                                                  " Hidden by multi-width symbols: [(3, " "), (5, " "), (7, " "), (9, " ")]
"                                                            "
"  用户名:                                                   " Hidden by multi-width symbols: [(3, " "), (5, " "), (7, " ")]
"    user                                                    "
"                                                            "
"  密码:                                                     " Hidden by multi-width symbols: [(3, " "), (5, " ")]
"    ••••••••                                                "
"    强度: ██░░░░░░░░░░░░░░ 极弱                             " Hidden by multi-width symbols: [(5, " "), (7, " "), (28, " "), (30, " ")]
"                                                            "
"  ⚠ 此密码已在数据泄露中发现 — 请立即修改                   " Hidden by multi-width symbols: [(5, " "), (7, " "), (9, " "), (11, " "), (13, " "), (15, " "), (17, " "), (19, " "), (21, " "), (23, " "), (25, " "), (27, " "), (32, " "), (34, " "), (36, " "), (38, " "), (40, " ")]
"                                                            "
"  创建: 2026-04-15 12:00  更新: 2026-04-15 12:00            " Hidden by multi-width symbols: [(3, " "), (5, " "), (27, " "), (29, " ")]
"                                                            "
"                                                            "
"                                                            "
"                                                            "
"                                                            "
"                                                            "
"                                                            "
"                                                            "
