---
source: tests/snapshot_tests/screens/create_record_test.rs
expression: backend
---
"┌──────────────────────────────────────────────────────────────────────────────┐"
"│  Create Password                                                 Esc Cancel  │"
"│──────────────────────────────────────────────────────────────────────────────│"
"│                                                                              │"
"│  Type       [ API Credential ▼ ]                                             │"
"│                                                                              │"
"│  Name       [Stripe API Key                                    ] ← Required  │"
"│                                                                              │"
"│  URL        [                                                  ] ← Optional  │"
"│                                                                              │"
"│  App ID     [stripe_live_51                                    ] ← Required  │"
"│                                                                              │"
"│  Secret Key [•••••••••••••••••                          ] [ Show ] [ Copy ]  │"
"│                                                                              │"
"│  Expiry     [ Never ▼ ]                                                      │"
"│                                                                              │"
"│  Tags       [                    ]  Enter Add  ←/→ Select  Del Delete        │"
"│                                                                              │"
"│  Notes      [                                                  ] ← Optional  │"
"│                                                                              │"
"│──────────────────────────────────────────────────────────────────────────────│"
"│  [ Save ]  [ Cancel ]                                                        │"
"│  Ctrl+G Generate  Ctrl+V Show/Hide  Ctrl+C Copy  Ctrl+S Save  Esc Cancel     │"
"└──────────────────────────────────────────────────────────────────────────────┘"
