---
source: tests/snapshot_tests/screens/status_bar_test.rs
expression: backend
---
"  ⌘K搜索 n新建 e编辑 d删除 F1帮助 │ v0.1.0 │ 🔍 正在检查... │ ✓ 已同步                                                  " Hidden by multi-width symbols: [(5, " "), (7, " "), (11, " "), (13, " "), (17, " "), (19, " "), (23, " "), (25, " "), (30, " "), (32, " "), (46, " "), (49, " "), (51, " "), (53, " "), (55, " "), (65, " "), (67, " "), (69, " ")]
