---
source: tests/snapshot_tests/screens/import_export_test.rs
expression: backend
---
"                                                                                "
"                                                                                "
"                                                                                "
"                                                                                "
"                                                                                "
"                                                                                "
"                                                                                "
"                                                                                "
"   ┌────────────────────────────────────────────────────────────────────────┐   "
"   │                               Exporting...                            │   "
"   │                                                                        │   "
"   │                ⠋  Encrypting and writing export file...                │   "
"   │                                                                        │   "
"   │                             Please wait...                             │   "
"   │                                                                        │   "
"   │                                                                        │   "
"   └────────────────────────────────────────────────────────────────────────┘   "
"                                                                                "
"                                                                                "
"                                                                                "
"                                                                                "
"                                                                                "
"                                                                                "
"                                                                                "
