---
source: tests/snapshot_tests/screens/database_recovery_test.rs
expression: backend
---
"                                                                                "
"                                                                                "
"                                                                                "
"                  ░█▀█░█▀█░█▀▀░█▀█░█░█░█▀▀░█░█░█▀▄░▀█▀░█▀█░█▀▀                  "
"                  ░█░█░█▀▀░█▀▀░█░█░█▀▄░█▀▀░░█░░█▀▄░░█░░█░█░█░█                  "
"                  ░▀▀▀░▀░░░▀▀▀░▀░▀░▀░▀░▀▀▀░░▀░░▀░▀░▀▀▀░▀░▀░▀▀▀                  "
"                                                                                "
"                             Recover Vault Database                             "
"                                                                                "
"          Select an encrypted database source. The current key will de          "
"                                                                                "
"          ┌──────────────────────────────────────────────────────────┐          "
"          └──────────────────────────────────────────────────────────┘          "
"                                                                                "
"          ┌──────────────────────────────────────────────────────────┐          "
"          │Restore from .okb Backup                                  │          "
"          └──────────────────────────────────────────────────────────┘          "
"                                                                                "
"                ↑↓/Tab: navigate  |  Enter: select  |  Esc: back                "
"                                    Step 3/3                                    "
"                                                                                "
"                                                                                "
"                                                                                "
"                                                                                "
