---
source: tests/snapshot_tests/screens/password_generator_test.rs
expression: backend
---
" Password Generator                                                             "
"  Style [ Random ]  [ Memorable ]  [ PIN ]                                      "
"──────────────────────────────────────────────────────────────────────────────  "
"                                                                                "
"  Length [ 8 ]  [-] ████░░░░░░░░ [+]                                            "
"                                                                                "
"                                                                                "
"──────────────────────────────────────────────────────────────────────────────  "
"                                                                                "
"  94820153                                                                      "
"  Strength: ███░░░░░░░░░░░░░ Too Weak                                           "
"                                                                                "
"──────────────────────────────────────────────────────────────────────────────  "
"                                                                                "
"      [ Regenerate ]          [ Copied to clipboard ]                           "
"                                                                                "
"                                                                                "
"                                                                                "
"                                                                                "
"                                                                                "
"                                                                                "
"                                                                                "
"                                                                                "
" ←→ Adjust  │  Tab Switch Focus  │  r Regenerate  │  Enter Copy  │  p Generator "
