---
source: tests/snapshot_tests/screens/change_master_password_test.rs
expression: backend
---
"                                                                                "
"                                                                                "
"                               Set Master Password                              "
"                                                                                "
"               ┌ New Password ──────────────────────────────────┐               "
"               │Enter new password                              │               "
"               └────────────────────────────────────────────────┘               "
"               Strength:                                                        "
"                                                                                "
"               ┌ Confirm password ──────────────────────────────┐               "
"               │Confirm new password                            │               "
"               └────────────────────────────────────────────────┘               "
"                                                                                "
"                                                                                "
"                                                                                "
"                  Tab: switch field | Enter: submit | Esc: back                 "
"                                                                                "
"                                                                                "
"                                                                                "
"                                                                                "
"                                                                                "
"                                                                                "
"                                                                                "
"                                                                                "
