---
source: tests/snapshot_tests/screens/detail_test.rs
expression: terminal.backend()
---
"  Server SSH Key                                            "
"                                                            "
"  ──────────────────────────────                            "
"                                                            "
"  SSH Key                                                   "
"                                                            "
"  公钥:                                                     " Hidden by multi-width symbols: [(3, " "), (5, " ")]
"    ssh-rsa AAAA...                                         "
"                                                            "
"  私钥:                                                     " Hidden by multi-width symbols: [(3, " "), (5, " ")]
"    ••••••••                                                "
"                                                            "
"  Passphrase:                                               "
"    ••••••••                                                "
"                                                            "
"  [servers]                                                 "
"                                                            "
"                                                            "
"                                                            "
"                                                            "
"                                                            "
"                                                            "
"                                                            "
"                                                            "
"                                                            "
