---
source: tests/snapshot_tests/screens/set_password_test.rs
expression: backend
---
"                     Set Master Password                    "
"                                                            "
"     ┌ New Password ──────────────────────────────────┐     "
"     │•••••                                           │     "
"     └────────────────────────────────────────────────┘     "
"     Strength: Too Weak ███░░░░░░░░░░░░░                    "
"                                                            "
"     ┌ Confirm Password ──────────────────────────────┐     "
"     │Confirm password                                │     "
"     └────────────────────────────────────────────────┘     "
"                                                            "
"     ✗ Password must be at least 8 characters               "
"                                                            "
"        Tab: switch field | Enter: submit | Esc: back       "
"                                                            "
"                                                            "
