---
source: tests/snapshot_tests/screens/edit_record_test.rs
expression: backend
---
"┌──────────────────────────────────────────────────────────────────────────────┐"
"│  Edit Password                                                   Esc Cancel  │"
"│──────────────────────────────────────────────────────────────────────────────│"
"│                                                                              │"
"│  Type [ Login ▼ ]                                                            │"
"│                                                                              │"
"│  Name       [Changed Account                                   ] ← Required  │"
"│                   ┌──────────────────────────────────────┐                   │"
"│  URL        [     │  Unsaved Changes                     │     ] ← Optional  │"
"│                   │──────────────────────────────────────│                   │"
"│  Username   [     │                                      │     ] ← Required  │"
"│                   │  You have unsaved changes. Discard th│                   │"
"│  Password   [     │                                      │ Show ] [ Copy ]   │"
"│                   │──────────────────────────────────────│                   │"
"│  Strength: (streng│                                      │                   │"
"│                   └──────────────────────────────────────┘                   │"
"│  Expiry [ Never ▼ ]                                                          │"
"│                                                                              │"
"│  Tags [                    ]                                                 │"
"│                                                                              │"
"│  Notes      [                                                  ] ← Optional  │"
"│                                                                              │"
"│──────────────────────────────────────────────────────────────────────────────│"
"└──────────────────────────────────────────────────────────────────────────────┘"
