---
source: tests/snapshot_tests/screens/help_test.rs
expression: terminal.backend()
---
"                                                                                                              "
"                                                                                                              "
"                           ┌──────────────────────── Help ────────────────────────┐                           "
"                           │ Navigation                │  Multiselect             │                           "
"                           │  ↑/k       Move up        │   Space                  │                           "
"                           │Select/Deselect                                       │                           "
"                           │  ↓/j       Move down      │   j/k       Move up/down │                           "
"                           │  Tab       Switch panel   │   a         Select       │                           "
"                           │all/Deselect                                          │                           "
"                           │  Enter     Confirm        │   d         Batch delete │                           "
"                           │  Esc       Back/Close     │   t         Batch tag    │                           "
"                           │                           │   Esc/v     Exit         │                           "
"                           │multiselect                                           │                           "
"                           │ Actions                   │                          │                           "
"                           │  Ctrl+K    Search         │  Tag Management          │                           "
"                           │  n         New            │   m         Add tag      │                           "
"                           │  e         Edit           │   r         Rename tag   │                           "
"                           │  d         Delete         │   d         Delete tag   │                           "
"                           │  f         Favorite       │   s         Save         │                           "
"                           │  s         Sort           │                          │                           "
"                           │  v         Multiselect mode│  Sync                   │                           "
"                           │  g         Settings       │   Ctrl+R    Manual sync  │                           "
"                           │  l         Audit log      │                          │                           "
"                           │  q         Quit           │                          │                           "
"                           │                           │                          │                           "
"                           │ Password Details          │                          │                           "
"                           │  c         Copy password  │                          │                           "
"                           │  u         Copy username  │                          │                           "
"                           │  p         Show/Hide password│                       │                           "
"                           │  H         Password history│                         │                           "
"                           │                           │                          │                           "
"                           └──────────────────────────────────────────────────────┘                           "
"                                                                                                              "
"                                                                                                              "
"                                                                                                              "
