---
source: tests/snapshot_tests/screens/detail_test.rs
expression: terminal.backend()
---
"┌──────────────────────────────────────────────────────────┐"
"│                                                          │"
"│    Hacked Site   󰚽 Leaked                               │"
"│                                                          │"
"│                                                          │"
"│  ─────────────────────────────────────────────────────   │"
"│                                                          │"
"│    Login                                                │"
"│                                                          │"
"│  ┌────────────────┬──────────────────┬────────────────┐  │"
"│  │   用户名      │ user             │          Copy │  │" Hidden by multi-width symbols: [(9, " "), (11, " "), (13, " ")]
"│  ├────────────────┼──────────────────┼────────────────┤  │"
"│  │   密码        │ ••••••••         │  Show   Copy │  │" Hidden by multi-width symbols: [(9, " "), (11, " ")]
"│  ├────────────────┼──────────────────┼────────────────┤  │"
"│  │   Strength    │ ██░░░░░░░░░░░░░░░░░░░░░░ │       To  │"
"│  ├────────────────┼──────────────────┼────────────────┤  │"
"│  │   URL         │                  │                │  │"
"│  └────────────────┴──────────────────┴────────────────┘  │"
"│                                                          │"
"│  󰚽  This password was found in a data breach — change i  │"
"│                                                          │"
"│  ┌────────────────┬────────────────────────────────────  │"
"│  │   Created     │ 2026-04-15 12:00                     │"
"│                                                          │"
"└──────────────────────────────────────────────────────────┘"
