---
source: tests/snapshot_tests/screens/detail_test.rs
expression: terminal.backend()
---
"  GitHub                                                                        "
"  github.com                                                                    "
"★                                                                               "
"                                                                                "
"  ────────────────────────────────────────                                      "
"                                                                                "
"  登录信息                                                                      " Hidden by multi-width symbols: [(3, " "), (5, " "), (7, " "), (9, " ")]
"                                                                                "
"  用户名:                                                                       " Hidden by multi-width symbols: [(3, " "), (5, " "), (7, " ")]
"    octocat                                                                     "
"                                                                                "
"  密码:                                                                         " Hidden by multi-width symbols: [(3, " "), (5, " ")]
"    ••••••••                                                                    "
"    强度: ████████████░░░░ 强                                                   " Hidden by multi-width symbols: [(5, " "), (7, " "), (28, " ")]
"                                                                                "
"  网址:                                                                         " Hidden by multi-width symbols: [(3, " "), (5, " ")]
"    https://github.com                                                          "
"                                                                                "
"[work]                                                                          "
"                                                                                "
