---
source: tests/snapshot_tests/screens/main_composition_test.rs
expression: backend
---
"                                        │  Sort: [ Created│  GitHub Account                         "
"🔐 OpenKeyring                             GitHub Account    octocat                                " Hidden by multi-width symbols: [(1, " ")]
"────────────────────────────────────────   octocat         ★                                        "
"  All (2)                                                                                           "
"────────────────────────────────────────   Personal Email    ────────────────────                   "
"  Favorites (1)                            alice@example.c                                          "
"────────────────────────────────────────                     Login                                  "
"  Expired (0)                                                                                       "
"────────────────────────────────────────                     Username:                              "
"  Health Issues (0)                                            octocat                              "
"────────────────────────────────────────                                                            "
"  Trash (0)                                                  Password:                              "
"────────────────────────────────────────                       ••••••••                             "
"  ▾ # Tags (Manage Mode) Sort: Frequency                                                            "
"  work-critical█                                           [work]  [personal]                       "
"  work                             ✎ ◄                                                              "
"                                                                                                    "
"  personal                         ✎ ✗                                                              "
"────────────────────────────────────────                                                            "
"  Generator                                                                                         "
"────────────────────────────────────────                                                            "
"  Settings                                                                                          "
"────────────────────────────────────────────────────────────────────────────────────────────────────"
"  Ctrl+K Search  N New  E Edit  D Delete  F1 Help │ v0.7.3 │ — Not configured                       "
