---
source: tests/snapshot_tests/screens/edit_record_test.rs
expression: backend
---
"┌──────────────────────────────────────────────────────────────────────────────┐"
"│  Edit Password                                                   Esc Cancel  │"
"│──────────────────────────────────────────────────────────────────────────────│"
"│                                                                              │"
"│  Type [ Login ▼ ]                                                            │"
"│                                                                              │"
"│  Name       [                                                  ] ← Required  │"
"│                                                                              │"
"│  URL        [                                                  ] ← Optional  │"
"│                                                                              │"
"│  Username   [                                                  ] ← Required  │"
"│                                                                              │"
"│  Password   [                             ] [ Generate ] [ Show ] [ Copy ]   │"
"│                                                                              │"
"│  Strength: (strength shown after password entry)                             │"
"│                                                                              │"
"│  Expiry [ Never ▼ ]                                                          │"
"│                                                                              │"
"│  Tags [                    ]                                                 │"
"│                                                                              │"
"│  Notes      [                                                  ] ← Optional  │"
"│                                                                              │"
"│──────────────────────────────────────────────────────────────────────────────│"
"└──────────────────────────────────────────────────────────────────────────────┘"
