---
source: tests/snapshot_tests/screens/edit_record_test.rs
expression: backend
---
"┌──────────────────────────────────────────────────────────────────────────────┐"
"│  Edit Password                                         Esc Cancel            │"
"│──────────────────────────────────────────────────────────────────────────────│"
"│                                                                              │"
"│  Type [ Login ▼ ]                                                            │"
"│                                                                              │"
"│  Name [Legacy Router                                                         │"
"│ ] ← Required  ┌──────────────────────────────────────────────┐               │"
"│               │  ⚠ Weak Password                             │               │"
"│  URL [        │──────────────────────────────────────────────│               │"
"│ ] ← Optional  │                                              │               │"
"│               │  Current password strength is "Weak" and vuln│               │"
"│  Username [   │                                              │               │"
"│ ] ← Required  │  Consider using the generator to create a str│               │"
"│               │                                              │               │"
"│  Password [•••│──────────────────────────────────────────────│ow ] [ Copy ]  │"
"│  Strength: (st└──────────────────────────────────────────────┘               │"
"│                                                                              │"
"│  Expiry [ Never ▼ ]                                                          │"
"│                                                                              │"
"│  Tags [                    ]                                                 │"
"│                                                                              │"
"│  Notes [                                                                     │"
"└──────────────────────────────────────────────────────────────────────────────┘"
