---
source: tests/snapshot_tests/screens/change_master_password_test.rs
expression: backend
---
"                                                                                "
"                                                                                "
"                                                                                "
"                                                                                "
"                                                                                "
"                                                                                "
"                                                                                "
"                             Verify Current Password                            "
"                 Enter your current master password to continue                 "
"                                                                                "
"               ┌ tui.import_export.current_password_label ──────┐               "
"               │•••••••••••••••••                               │               "
"               └────────────────────────────────────────────────┘               "
"                                                                                "
"                                                                                "
"                            Enter: verify | Esc: back                           "
"                                                                                "
"                                                                                "
"                                                                                "
"                                                                                "
"                                                                                "
"                                                                                "
"                                                                                "
"                                                                                "
