---
source: tests/snapshot_tests/screens/password_generator_test.rs
expression: backend
---
" Password Generator                                                             "
"  Style [ Random ]  [ Memorable ]  [ PIN ]                                      "
"──────────────────────────────────────────────────────────────────────────────  "
"                                                                                "
"  Word Count [ 4 ]  [-] ███░░░░░░░░░░░░░░░░░ [+]                                "
"                                                                                "
"  [✓] Capitalize    Separator: [ _ ]                                            "
"                                                                                "
"──────────────────────────────────────────────────────────────────────────────  "
"                                                                                "
"  Correct_Horse_Battery_Staple                                                  "
"  Strength: ██████░░░░░░░░░░ Weak                                               "
"                                                                                "
"──────────────────────────────────────────────────────────────────────────────  "
"                                                                                "
"      [ Regenerate ]          [ Copy ]                                          "
"                                                                                "
"                                                                                "
"                                                                                "
"                                                                                "
"                                                                                "
"                                                                                "
"                                                                                "
" ←→ Adjust  │  Tab Switch Focus  │  r Regenerate  │  Enter Copy  │  p Generator "
