---
source: tests/snapshot_tests/screens/password_generator_test.rs
expression: backend
---
" Password Generator                                                             "
"  Style [ Random ]  [ Memorable ]  [ PIN ]                                      "
"──────────────────────────────────────────────────────────────────────────────  "
"                                                                                "
"  Word Count [ 3 ]  [-] ░░░░░░░░░░░░ [+]                                        "
"                                                                                "
"  [✓] Capitalize    Separator: [ - ]                                            "
"                                                                                "
"──────────────────────────────────────────────────────────────────────────────  "
"                                                                                "
"  Correct-Horse-Battery                                                         "
"  Strength: ██████░░░░░░░░░░ Weak                                               "
"                                                                                "
"──────────────────────────────────────────────────────────────────────────────  "
"                                                                                "
"      [ Regenerate ]          [ Copied to clipboard ]                           "
"                                                                                "
"                                                                                "
"                                                                                "
"                                                                                "
"                                                                                "
"                                                                                "
"                                                                                "
" ←→ Adjust  │  Tab Switch Focus  │  r Regenerate  │  Enter Copy  │  p Generator "
