---
source: tests/snapshot_tests/screens/create_record_test.rs
expression: backend
---
"┌──────────────────────────────────────────────────────────────────────────────┐"
"│  Create Password                                                 Esc Cancel  │"
"│──────────────────────────────────────────────────────────────────────────────│"
"│                                                                              │"
"│  Type       [ Login ▼ ]                                                      │"
"│                                                                              │"
"│  Name       [                                                  ] ← Required  │"
"│               ┌──────────────────────────────────────────────┐               │"
"│  URL        [ │  ⚠ Weak Password                             │ ] ← Optional  │"
"│               │──────────────────────────────────────────────│               │"
"│  Username   [ │                                              │ ] ← Required  │"
"│               │  Current password strength is "Weak" and vuln│               │"
"│  Password   [ │                                              │w ] [ Copy ]   │"
"│               │  Consider using the generator to create a str│               │"
"│  Strength:  (s│                                              │               │"
"│               │──────────────────────────────────────────────│               │"
"│  Expiry     [ └──────────────────────────────────────────────┘               │"
"│                                                                              │"
"│  Tags       [                    ]                                           │"
"│                                                                              │"
"│  Notes      [                                                  ] ← Optional  │"
"│                                                                              │"
"│──────────────────────────────────────────────────────────────────────────────│"
"└──────────────────────────────────────────────────────────────────────────────┘"
