---
source: tests/snapshot_tests/screens/detail_test.rs
expression: terminal.backend()
---
"┌──────────────────────────────────────────────────────────┐"
"│                                                          │"
"│    Hacked Site                                          │"
"│                                                          │"
"│                                                          │"
"│  ─────────────────────────────────────────────────────   │"
"│                                                          │"
"│    Login                                                │"
"│                                                          │"
"│  ┌────────────────┬────────────────────┬──────────────┐  │"
"│  │   用户名      │ user               │        [  ] │  │" Hidden by multi-width symbols: [(9, " "), (11, " "), (13, " ")]
"│  ├────────────────┼────────────────────┼──────────────┤  │"
"│  │   密码        │ ••••••••           │ [  ]  [  ] │  │" Hidden by multi-width symbols: [(9, " "), (11, " ")]
"│  ├────────────────┼────────────────────┼──────────────┤  │"
"│  │   Strength    │ ██░░░░░░░░░░░░░░░░░░░░░░ │     Too   │"
"│  ├────────────────┼────────────────────┼──────────────┤  │"
"│  │   URL         │                    │              │  │"
"│  └────────────────┴────────────────────┴──────────────┘  │"
"│                                                          │"
"│  ⚠  This password was found in a data breach — change i  │"
"│                                                          │"
"│  ┌────────────────┬────────────────────┬──────────────┐  │"
"│  │   Updated     │ 2026-04-15 12:00   │              │  │"
"│                                                          │"
"└──────────────────────────────────────────────────────────┘"
