---
source: tests/snapshot_tests/screens/database_recovery_test.rs
expression: backend
---
"                                                                                "
"   ┌────────────────────────────────────────────────────────────────────────┐   "
"   │                             🔐 OpenKeyring                             │   " Hidden by multi-width symbols: [(34, " ")]
"   │                      ─────────────────────────────                     │   "
"   │                           Cloud Sync Recovery                          │   "
"   │    Cloud sync authorization is required before downloading vault.db.   │   "
"   │                                                                        │   "
"   │  ┌──────────────────────────────────────────────────────────────────┐  │   "
"   │  │Start OAuth Authorization                                         │  │   "
"   │  │Authorization is only used to read oak-keyring sync data.         │  │   "
"   │  │                                                                  │  │   "
"   │  │                                                                  │  │   "
"   │  │                                                                  │  │   "
"   │  │                                                                  │  │   "
"   │  │                                                                  │  │   "
"   │  └──────────────────────────────────────────────────────────────────┘  │   "
"   │                                                                        │   "
"   │               Enter: authorize  |  Esc: source selection               │   "
"   │                                Step 1/1                                │   "
"   │                                                                        │   "
"   │                                                                        │   "
"   │                                                                        │   "
"   └────────────────────────────────────────────────────────────────────────┘   "
"                                                                                "
