---
source: tests/snapshot_tests/screens/password_generator_test.rs
expression: backend
---
" Password Generator                                                             "
"  Style [ Random ]  [ Memorable ]  [ PIN ]                                      "
"──────────────────────────────────────────────────────────────────────────────  "
"                                                                                "
"  Length [ 8 ]  [-] ███████░░░░░░░░░░░░░ [+]                                    "
"                                                                                "
"──────────────────────────────────────────────────────────────────────────────  "
"  ┌──────────────────────────────────────────────────────────────────────────┐  "
"  │ 94820153                                                                 │  "
"  └──────────────────────────────────────────────────────────────────────────┘  "
"                                                                                "
"  Strength: ███░░░░░░░░░░░░░ Too Weak                                           "
"──────────────────────────────────────────────────────────────────────────────  "
"                                                                                "
"  [ Regenerate(r) ]        [ Copy(c) ]                                          "
"                                                                                "
"                                                                                "
"                                                                                "
"                                                                                "
"                                                                                "
"                                                                                "
"                                                                                "
"                                                                                "
" ↑↓ Switch Focus  │  ←→ Adjust  │  r Regenerate  │  c Copy  │  +/- Generator  │ "
