---
source: tests/snapshot_tests/screens/detail_test.rs
expression: terminal.backend()
---
"┌──────────────────────────────────────────────────────────┐"
"│                                                          │"
"│    Server SSH Key                                       │"
"│                                                          │"
"│                                                          │"
"│  ─────────────────────────────────────────────────────   │"
"│                                                          │"
"│    SSH Key                                              │"
"│                                                          │"
"│  ┌────────────────┬──────────────────┬────────────────┐  │"
"│  │   公钥        │ ssh-rsa AAAA...  │          Copy │  │" Hidden by multi-width symbols: [(9, " "), (11, " ")]
"│  ├────────────────┼──────────────────┼────────────────┤  │"
"│  │   私钥        │ ••••••••         │  Show   Copy │  │" Hidden by multi-width symbols: [(9, " "), (11, " ")]
"│  ├────────────────┼──────────────────┼────────────────┤  │"
"│  │   Passphrase  │ ••••••••         │  Show   Copy │  │"
"│  └────────────────┴──────────────────┴────────────────┘  │"
"│                                                          │"
"│  ┌────────────────┬────────────────────────────────────  │"
"│  │   Tags        │ [ servers ]                          │"
"│  ├────────────────┼────────────────────────────────────  │"
"│  │   Created     │ 2026-04-15 12:00                     │"
"│  ├────────────────┼────────────────────────────────────  │"
"│  │   Updated     │ 2026-04-15 12:00                     │"
"│                                                          │"
"└──────────────────────────────────────────────────────────┘"
