---
source: tests/snapshot_tests/screens/main_composition_test.rs
expression: backend
---
"                                        │                 │                                         "
"  [1] All (2)                        ◄                                                              "
"                      ┌──────────────────────────────────────────────────────┐                      "
"  [2] Favorites (1)   │  Password Generator                       Esc Close  │                      "
"  [3] Expired (0)     │──────────────────────────────────────────────────────│                      "
"                      │                                                      │                      "
"                      │  Style [ Random ]  [ Memorable ]  [ PIN ]            │───                   "
"                      │──────────────────────────────────────────────────────│                      "
"                      │                                                      │                      "
"                      │  Length [ 16 ]  [-] ██░░░░░░░░░░░░░░░░░░ [+]         │                      "
"                      │                                                      │                      "
"                      │  [✓] Uppercase  [✓] Lowercase  [✓] Digits  [✓]       │                      "
"                      │Symbols                                               │                      "
"                      │                                                      │                      "
"                      │──────────────────────────────────────────────────────│                      "
"                      │                                                      │                      "
"                      │  CorrectHorse42!                                     │                      "
"                      │  Strength: ████████████░░░░ Strong                   │                      "
"                      │                                                      │                      "
"                      │──────────────────────────────────────────────────────│                      "
"                      │                                                      │                      "
"                      │      [ Regenerate ]          [ Copy ]                │                      "
"──────────────────────│                                                      │──────────────────────"
"  Ctrl+K Search  Ctrl+└──────────────────────────────────────────────────────┘3 │ — Not configured  "
