---
source: tests/snapshot_tests/screens/main_composition_test.rs
expression: backend
---
"                                        │                       │                                   "
"   OpenKeyring                         │  Sort: [ Created ▼ ]  │  GitHub Account                   "
"────────────────────────────────────────│                       │  octocat                          "
"    All                           2  │  󰀋 GitHub Account     │★                                  "
"────────────────────────────────────────│  octocat              │                                   "
"    Favorites                     1  │───────────────────────│  ─────────────────                "
"────────────────────────────────────────│  󰀋 Personal Email     │                                   "
"    Expired                       0  │  alice@example.com    │  Login                            "
"────────────────────────────────────────│───────────────────────│                                   "
"  󰻌  Health Issues                 0  │                       │  Username:                        "
"────────────────────────────────────────│                       │    octocat                        "
"    Trash                         0  │                       │                                   "
"────────────────────────────────────────│                       │  Password:                        "
"  ▾   Tags (Manage Mode) Sort: Frequenc│                       │    ••••••••                       "
"────────────────────────────────────────│                       │                                   "
"  work-critical█                        │                       │  [work]  [personal]               "
"  work                             ✎    │                       │                                   "
"                                        │                       │                                   "
"────────────────────────────────────────│                       │                                   "
"    Generator                          │                       │                                   "
"────────────────────────────────────────│                       │                                   "
"    Settings                           │                       │                                   "
"────────────────────────────────────────────────────────────────────────────────────────────────────"
"  Ctrl+K Search  Ctrl+G Gen  Ctrl+P Cfg  Q Quit                          v0.7.3 │ — Not configured  "
