---
source: tests/snapshot_tests/screens/detail_test.rs
expression: terminal.backend()
---
"┌──────────────────────────────────────────────────────────┐"
"│                                                          │"
"│    Reused                                               │"
"│                                                          │"
"│                                                          │"
"│  ─────────────────────────────────────────────────────   │"
"│                                                          │"
"│    Login                                                │"
"│                                                          │"
"│  ┌────────────────┬────────────────────┬──────────────┐  │"
"│  │   用户名      │ user               │        [  ] │  │" Hidden by multi-width symbols: [(9, " "), (11, " "), (13, " ")]
"│  ├────────────────┼────────────────────┼──────────────┤  │"
"│  │   密码        │ ••••••••           │ [  ]  [  ] │  │" Hidden by multi-width symbols: [(9, " "), (11, " ")]
"│  ├────────────────┼────────────────────┼──────────────┤  │"
"│  │   URL         │                    │              │  │"
"│  └────────────────┴────────────────────┴──────────────┘  │"
"│                                                          │"
"│  ⚠  This password is used by 3 other entries             │"
"│                                                          │"
"└──────────────────────────────────────────────────────────┘"
