---
source: tests/snapshot_tests/screens/main_composition_test.rs
expression: backend
---
"                                        │  Sort: [ Created│  GitHub Account                         "
"  All (2)                            ◄     GitHub Account    octocat                                "
"                                           octocat         ★                                        "
"  Favorites (1)                                                                                     "
"  Expired (0)                              Personal Email    ────────────────────                   "
"                                           alice@example.c                                          "
"                                                             Login                                  "
"                                                                                                    "
"                          ┌────────────────── Confirm ───────────────────┐                          "
"                          │Move "GitHub Account" to trash?               │                          "
"                          │                                              │                          "
"                          │  Will be permanently deleted in 30 days.     │                          "
"                          │----------------------------------------------│                          "
"                          │ Cancel    Confirm                            │                          "
"                          └──────────────────────────────────────────────┘al]                       "
"                                                                                                    "
"                                                                                                    "
"                                                                                                    "
"                                                                                                    "
"                                                                                                    "
"                                                                                                    "
"                                                                                                    "
"────────────────────────────────────────────────────────────────────────────────────────────────────"
"  Ctrl+K Search  N New  E Edit  D Delete  F1 Help │ v0.7.3 │ — Not configured                       "
