---
source: tests/snapshot_tests/screens/database_recovery_test.rs
expression: backend
---
"                                                                                "
"                                                                                "
"                                                                                "
"                                                                                "
"                                 🔐 OpenKeyring                                 " Hidden by multi-width symbols: [(34, " ")]
"                          ─────────────────────────────                         "
"                            Restore from .okb Backup                            "
"                                                                                "
"          Enter the .okb backup encryption password (set during export          "
"                                                                                "
"          ┌ Export password ─────────────────────────────────────────┐          "
"          │••••••••••••••                                            │          "
"          └──────────────────────────────────────────────────────────┘          "
"                                                                                "
"                                                                                "
"                                                                                "
"                                                                                "
"                          Enter: restore  |  Esc: back                          "
"                                    Step 1/1                                    "
"                                                                                "
"                                                                                "
"                                                                                "
"                                                                                "
"                                                                                "
