---
source: tests/snapshot_tests/screens/status_bar_test.rs
expression: backend
---
"  ⌘K搜索 n新建 e编辑 d删除 F1帮助 │ v0.2.0 │ — HIBP skipped │ ✓ Synced                                                  " Hidden by multi-width symbols: [(5, " "), (7, " "), (11, " "), (13, " "), (17, " "), (19, " "), (23, " "), (25, " "), (30, " "), (32, " ")]
