---
source: tests/snapshot_tests/screens/main_composition_test.rs
expression: backend
---
"┌ Batch Tags — 2 selected ─────────────────────┐                │                                   "
"│┌ Add Tag: ──────────────────────────────────┐│                │                                   "
"││█ Enter to add                              ││ [ Created ▼ ]  │  GitHub Account                   "
"│└────────────────────────────────────────────┘│                │  octocat                          "
"│┌ Current Tags: ─────────────────────────────┐│ub Account  ◀   │★                                  "
"││  (no tags)                                 ││cat             │                                   "
"│└────────────────────────────────────────────┘│────────────────│  ─────────────────                "
"│┌ Existing Tags: ────────────────────────────┐│onal Email      │                                   "
"││  (no tags)                                 ││e@example.com   │  Login                            "
"│└────────────────────────────────────────────┘│────────────────│                                   "
"│┌────────────────────────────────────────────┐│                │  Username:                        "
"││ Done                                       ││                │    octocat                        "
"│└────────────────────────────────────────────┘│                │                                   "
"└──────────────────────────────────────────────┘                │  Password:                        "
"                                        │                       │    ••••••••                       "
"                                        │                       │                                   "
"                                        │                       │[work]  [personal]                 "
"                                        │                       │                                   "
"                                        │                       │                                   "
"                                        │                       │                                   "
"                                        │                       │                                   "
"                                        │                       │                                   "
"────────────────────────────────────────────────────────────────────────────────────────────────────"
"  Ctrl+K Search  Ctrl+G Gen  Ctrl+P Cfg  Q Quit                          v0.7.3 │ — Not configured  "
