---
source: tests/snapshot_tests/screens/audit_log_test.rs
expression: backend
---
" Audit Log                                               3 records              "
"┌ Operation ─┐┌ Time Range ┐┌ Search ──────────────────────────────────────────┐"
"│  All       ││  Today     ││  Enter keywords...                               │"
"└────────────┘└────────────┘└──────────────────────────────────────────────────┘"
"                                                                                "
"                                                                                "
"                                                                                "
"                                                                                "
"                                                                                "
"                                                                                "
"                                                                                "
"                                                                                "
"                                                                                "
"                        ℹ No records under current filter                       "
"                                                                                "
"                                                                                "
"                                                                                "
"                                                                                "
"                                                                                "
"                                                                                "
"                                                                                "
"                                                                                "
"                                                                                "
" ↑↓/j/k Select  │  Tab Switch Area  │  Enter View Record  │  Esc Back           "
