---
source: tests/snapshot_tests/screens/edit_record_test.rs
expression: backend
---
"┌──────────────────────────────────────────────────────────────────────────────┐"
"│  Edit Password                                                   Esc Cancel  │"
"│──────────────────────────────────────────────────────────────────────────────│"
"│                                                                              │"
"│  Type       [ Login ▼ ]                                                      │"
"│                                                                              │"
"│  Name       [L┌──────────────────────────────────────────────┐ ] ← Required  │"
"│               │   Weak Password                             │               │"
"│  URL        [ │──────────────────────────────────────────────│ ] ← Optional  │"
"│               │                                              │               │"
"│  Username   [ │  Current password strength is "Weak" and vuln│ ] ← Required  │"
"│               │                                              │               │"
"│  Password   [•│  Consider using the generator to create a str│w ] [ Copy ]   │"
"│               │                                              │               │"
"│  Strength:  (s│──────────────────────────────────────────────│               │"
"│               │                                              │               │"
"│  Expiry     [ │      [ Cancel ]      [ Save ]                │               │"
"│               └──────────────────────────────────────────────┘               │"
"│  Tags       [                    ]  Enter Add  ←/→ Select  Del Delete        │"
"│                                                                              │"
"│  Notes       ← Optional                                                      │"
"│                                                                              │"
"│                                                                              │"
"└──────────────────────────────────────────────────────────────────────────────┘"
