---
source: tests/snapshot_tests/screens/password_generator_test.rs
expression: backend
---
" Password Generator                                                             "
"  Style [ Random ]  [ Memorable ]  [ PIN ]                                      "
"──────────────────────────────────────────────────────────────────────────────  "
"                                                                                "
"  Length [ 20 ]  [-] ██░░░░░░░░░░░░░░░░░░ [+]                                   "
"                                                                                "
"  [✓] Uppercase  [✓] Lowercase  [✓] Digits  [✓] Symbols                         "
"                                                                                "
"──────────────────────────────────────────────────────────────────────────────  "
"                                                                                "
"  aB3#cD4$eF5%gH6&iJ7*                                                          "
"  Strength: ████████████████ Excellent                                          "
"                                                                                "
"──────────────────────────────────────────────────────────────────────────────  "
"                                                                                "
"      [ Regenerate ]          [ Copy ]                                          "
"                                                                                "
"                                                                                "
"                                                                                "
"                                                                                "
"                                                                                "
"                                                                                "
"                                                                                "
" ←→ Adjust  │  Tab Switch Focus  │  r Regenerate  │  Enter Copy  │  p Generator "
