---
source: tests/main_integration_test.rs
expression: terminal.backend()
---
"                                    │  排序: [ 创建时间 ▼ ]  │                                                          " Hidden by multi-width symbols: [(40, " "), (42, " "), (48, " "), (50, " "), (52, " "), (54, " ")]
"🔐 OpenKeyring                                 🔐                                                                       " Hidden by multi-width symbols: [(1, " "), (48, " ")]
"────────────────────────────────────                                                       🔐                           " Hidden by multi-width symbols: [(92, " ")]
"                                            还没有密码                                                                  " Hidden by multi-width symbols: [(45, " "), (47, " "), (49, " "), (51, " "), (53, " ")]
"  全部 (42)                      ◄                                               选择一个密码项查看详情                 " Hidden by multi-width symbols: [(3, " "), (5, " "), (82, " "), (84, " "), (86, " "), (88, " "), (90, " "), (92, " "), (94, " "), (96, " "), (98, " "), (100, " "), (102, " ")]
"                                      按 n 创建你的第一个密码                  Press Enter to view details              " Hidden by multi-width symbols: [(39, " "), (44, " "), (46, " "), (48, " "), (50, " "), (52, " "), (54, " "), (56, " "), (58, " "), (60, " ")]
"────────────────────────────────────                                                                                    "
"  收藏 (5)                                                                                                              " Hidden by multi-width symbols: [(3, " "), (5, " ")]
"────────────────────────────────────                                                                                    "
"  已过期 (2)                                                                                                            " Hidden by multi-width symbols: [(3, " "), (5, " "), (7, " ")]
"────────────────────────────────────                                                                                    "
"  安全问题 (1)                                                                                                          " Hidden by multi-width symbols: [(3, " "), (5, " "), (7, " "), (9, " ")]
"────────────────────────────────────                                                                                    "
"  回收站 (3)                                                                                                            " Hidden by multi-width symbols: [(3, " "), (5, " "), (7, " ")]
"────────────────────────────────────                                                                                    "
"  ▾ # 标签                                                                                                              " Hidden by multi-width symbols: [(7, " "), (9, " ")]
"  work (0)                                                                                                              "
"  personal (0)                                                                                                          "
"  finance (0)                                                                                                           "
"────────────────────────────────────                                                                                    "
"  生成器                                                                                                                " Hidden by multi-width symbols: [(3, " "), (5, " "), (7, " ")]
"────────────────────────────────────                                                                                    "
"  配置                                                                                                                  " Hidden by multi-width symbols: [(3, " "), (5, " ")]
"                                                                                                                        "
"                                                                                                                        "
"                                                                                                                        "
"                                                                                                                        "
"                                                                                                                        "
"────────────────────────────────────────────────────────────────────────────────────────────────────────────────────────"
"  Ctrl+K搜索  n新建  e编辑  d删除  F1帮助 │ v0.7.3 │ — 未配置                                                           " Hidden by multi-width symbols: [(9, " "), (11, " "), (16, " "), (18, " "), (23, " "), (25, " "), (30, " "), (32, " "), (38, " "), (40, " "), (56, " "), (58, " "), (60, " ")]
