---
source: tests/main_integration_test.rs
expression: terminal.backend()
---
"OpenKeyring                                      │  排序: [ 创建时间 ▼│                                                 " Hidden by multi-width symbols: [(53, " "), (55, " "), (61, " "), (63, " "), (65, " "), (67, " ")]
"──────────────────────────────────────────────────        🔐                                                            " Hidden by multi-width symbols: [(59, " ")]
"全部 (42)                                                                                      🔐                       " Hidden by multi-width symbols: [(1, " "), (3, " "), (96, " ")]
"☆ 收藏 (5)                                             还没有密码                                                       " Hidden by multi-width symbols: [(3, " "), (5, " "), (56, " "), (58, " "), (60, " "), (62, " "), (64, " ")]
"已过期 (2)                                                                           选择一个密码项查看详情             " Hidden by multi-width symbols: [(1, " "), (3, " "), (5, " "), (86, " "), (88, " "), (90, " "), (92, " "), (94, " "), (96, " "), (98, " "), (100, " "), (102, " "), (104, " "), (106, " ")]
"安全问题 (1)                                              按 n                     Press Enter to view details          " Hidden by multi-width symbols: [(1, " "), (3, " "), (5, " "), (7, " "), (59, " ")]
"🗑 回收站 (3)                                       创建你的第一个密码                                                   " Hidden by multi-width symbols: [(3, " "), (5, " "), (7, " "), (52, " "), (54, " "), (56, " "), (58, " "), (60, " "), (62, " "), (64, " "), (66, " "), (68, " ")]
"──────────────────────────────────────────────────                                                                      "
"▾ # 标签                                                                                                                " Hidden by multi-width symbols: [(5, " "), (7, " ")]
"  work (0)                                                                                                              "
"  personal (0)                                                                                                          "
"  finance (0)                                                                                                           "
"──────────────────────────────────────────────────                                                                      "
"✦ 生成器                                                                                                                " Hidden by multi-width symbols: [(3, " "), (5, " "), (7, " ")]
"✦ 配置                                                                                                                  " Hidden by multi-width symbols: [(3, " "), (5, " ")]
"                                                                                                                        "
"                                                                                                                        "
"                                                                                                                        "
"                                                                                                                        "
"                                                                                                                        "
"                                                                                                                        "
"                                                                                                                        "
"                                                                                                                        "
"                                                                                                                        "
"                                                                                                                        "
"                                                                                                                        "
"                                                                                                                        "
"                                                                                                                        "
"────────────────────────────────────────────────────────────────────────────────────────────────────────────────────────"
"  ⌘K搜索  n新建  e编辑  d删除  F1帮助 │ v0.3.0 │ — 未配置                                                               " Hidden by multi-width symbols: [(5, " "), (7, " "), (12, " "), (14, " "), (19, " "), (21, " "), (26, " "), (28, " "), (34, " "), (36, " "), (52, " "), (54, " "), (56, " ")]
