---
source: tests/main_integration_test.rs
expression: terminal.backend()
---
"                                    │                                │                                                  "
"   OpenKeyring                     │  排序: [ 创建时间 ▼ ]  [ ↓ 降序│                                                  " Hidden by multi-width symbols: [(40, " "), (42, " "), (48, " "), (50, " "), (52, " "), (54, " "), (66, " "), (68, " ")]
"────────────────────────────────────│                                │                                                  "
"                                    │                                │                                                  "
"    全部                     42  │                                │                                                  " Hidden by multi-width symbols: [(6, " "), (8, " ")]
"                                    │                                │                                                  "
"────────────────────────────────────│                                │                                                  "
"    收藏                      5  │                                │                                                  " Hidden by multi-width symbols: [(6, " "), (8, " ")]
"────────────────────────────────────│                                │                                                  "
"    已过期                    2  │                                │                                                  " Hidden by multi-width symbols: [(6, " "), (8, " "), (10, " ")]
"────────────────────────────────────│                                │                                                  "
"  󰻌  安全问题                  1  │                                │                                                  " Hidden by multi-width symbols: [(6, " "), (8, " "), (10, " "), (12, " ")]
"────────────────────────────────────│                                │                                                  "
"    回收站                    3  │              🔐                │                         🔐                       " Hidden by multi-width symbols: [(6, " "), (8, " "), (10, " "), (52, " "), (96, " ")]
"────────────────────────────────────│                                │                                                  "
"  ▾   标签                         │           还没有密码           │               选择一个密码项查看详情             " Hidden by multi-width symbols: [(8, " "), (10, " "), (49, " "), (51, " "), (53, " "), (55, " "), (57, " "), (86, " "), (88, " "), (90, " "), (92, " "), (94, " "), (96, " "), (98, " "), (100, " "), (102, " "), (104, " "), (106, " ")]
"────────────────────────────────────│                                │             Press Enter to view details          "
"    work (0)                       │     按 n 创建你的第一个密码    │                                                  " Hidden by multi-width symbols: [(43, " "), (48, " "), (50, " "), (52, " "), (54, " "), (56, " "), (58, " "), (60, " "), (62, " "), (64, " ")]
"────────────────────────────────────│                                │                                                  "
"    personal (0)                   │                                │                                                  "
"────────────────────────────────────│                                │                                                  "
"    finance (0)                    │                                │                                                  "
"                                    │                                │                                                  "
"                                    │                                │                                                  "
"────────────────────────────────────│                                │                                                  "
"    生成器                         │                                │                                                  " Hidden by multi-width symbols: [(6, " "), (8, " "), (10, " ")]
"────────────────────────────────────│                                │                                                  "
"    配置                           │                                │                                                  " Hidden by multi-width symbols: [(6, " "), (8, " ")]
"────────────────────────────────────────────────────────────────────────────────────────────────────────────────────────"
"  Ctrl+K搜索  Ctrl+G生成  Ctrl+P配置  q退出                                                v0.8.0-preview.1 │ — 未配置  " Hidden by multi-width symbols: [(9, " "), (11, " "), (21, " "), (23, " "), (33, " "), (35, " "), (40, " "), (42, " "), (113, " "), (115, " "), (117, " ")]
